// Jest Snapshot v1, https://goo.gl/fbAQLP

exports[`DeleteMovie should match DeleteMovie snapshot 1`] = `
<DocumentFragment>
  <div />
</DocumentFragment>
`;
